# log written 2026-06-21 16:49:30 | seed=2 | threshold_objective=cost (FN:FP=2.0:1) | mitigation=pref_rand
# log written 2026-06-21 16:49:30 | seed=2 | cv=5 | threshold_objective=cost (FN:FP=2.0:1)

 ----- LogisticRegression -----
train=14770  test=3693  features=48  train positive rate=0.281
[LogisticRegression] best CV ROC-AUC = 0.8126 | params = {'clf__C': 0.1, 'clf__class_weight': None}

chosen threshold = 0.330

-- overall performance --
threshold          0.330000
accuracy           0.758462
balanced_acc       0.728580
precision          0.560000
recall_TPR         0.660250
f1                 0.606007
roc_auc            0.807211
pr_auc             0.639714
brier              0.150804
FN               353.000000
FP               539.000000
TP               686.000000
TN              2115.000000

-- per-group (binary race) --
                     selection_rate     TPR     FPR  accuracy
sensitive_feature_0                                          
Non-White                    0.1807  0.5183  0.1050    0.8260
NH White (priv)              0.4529  0.7182  0.3036    0.7042

-- per-group (RACETHX, descriptive) --
          selection_rate  disparate_impact_vs_NHWhite  stat_parity_diff_vs_NHWhite
racethx                                                                           
NH White          0.4531                       1.0000                       0.0000
NH Black          0.2867                       0.6327                      -0.1664
NH Other          0.2074                       0.4577                      -0.2457
NH Asian          0.1545                       0.3410                      -0.2986
Hispanic          0.1284                       0.2834                      -0.3247

-- fairness summary --
equalised_odds_diff                0.1999
disparate_impact_ratio             0.3989
statistical_parity_diff            0.2722
individual_fairness_consistency    0.9409
equalised_odds_diff: lower = fairer (0 = equal TPR & FPR)
disparate_impact_ratio: 1.0 = parity; < 0.80 fails the 80% rule
statistical_parity_diff: selection-rate gap vs reference group
individual_fairness_: closer to 1 = similar people score similarly
[LogisticRegression] log saved to /Users/jananjahed/Desktop/HML/HCML-preferential-randomisation/Model/results_log/LogisticRegression.log

-- SHAP top-10 features | LogisticRegression | baseline before --
COMORBIDITY     0.27094
SEX_1.0         0.18213
TYPEPE42_2.0    0.17336
REGION23_3.0    0.16917
HAVEUS42_2.0    0.12006
JTPAIN31_M18    0.11992
RTHLTH53        0.11913
EDUCYR          0.11675
ARTHDX          0.11591
MNHLTH53        0.11313

=== shap race-proxy features (top 10) | LogisticRegression | baseline before ===
correlation between per-feature SHAP value and race
BORNUSA           0.38476
AGE23X            0.21819
POVLEV23          0.21412
POVCAT23_5.0      0.20818
EDUCYR            0.20346
HIDEG_1.0         0.19814
AGE_x_COMORBID    0.19353
ACTDTY53_4.0      0.19097
INSCOV23_1.0      0.18744
CANCERDX          0.18532
saved shap_beeswarm_LogisticRegression___baseline_before.png, shap_bar_LogisticRegression___baseline_before.png
[] best CV ROC-AUC = 0.8133 | params = {'clf__C': 0.1, 'clf__class_weight': None}
group 0: t0=0.019 t1=0.773 p=0.680 obj=0.0075 L_R=4.228
group 1: t0=0.170 t1=0.510 p=0.500 obj=0.0171 L_R=4.408

chosen threshold = 0.325

-- overall performance --
threshold          0.325000
accuracy           0.683726
balanced_acc       0.682440
precision          0.458144
recall_TPR         0.679500
f1                 0.547287
roc_auc            0.807088
pr_auc             0.641123
brier              0.150679
FN               333.000000
FP               835.000000
TP               706.000000
TN              1819.000000

-- per-group (binary race) --
                     selection_rate     TPR     FPR  accuracy
sensitive_feature_0                                          
Non-White                    0.3911  0.6811  0.3261    0.6752
NH White (priv)              0.4383  0.6789  0.3028    0.6906

-- per-group (RACETHX, descriptive) --
          selection_rate  disparate_impact_vs_NHWhite  stat_parity_diff_vs_NHWhite
racethx                                                                           
NH Asian          0.4592                       1.0473                       0.0208
NH Other          0.4519                       1.0305                       0.0134
NH Black          0.4472                       1.0200                       0.0088
NH White          0.4385                       1.0000                       0.0000
Hispanic          0.3329                       0.7593                      -0.1055

-- fairness summary --
equalised_odds_diff                0.0233
disparate_impact_ratio             0.8924
statistical_parity_diff            0.0471
individual_fairness_consistency    0.9402

-- SHAP top-10 features | LogisticRegression | pref_rand before --
COMORBIDITY     0.25765
SEX_1.0         0.18526
TYPEPE42_2.0    0.17398
REGION23_3.0    0.16672
ARTHDX          0.12757
EDUCYR          0.12339
BORNUSA         0.12011
HAVEUS42_2.0    0.12009
AGE23X          0.11918
JTPAIN31_M18    0.11449

=== shap race-proxy features (top 10) | LogisticRegression | pref_rand before ===
correlation between per-feature SHAP value and race
BORNUSA           0.38476
AGE23X            0.21819
POVLEV23          0.21412
POVCAT23_5.0      0.20818
EDUCYR            0.20346
HIDEG_1.0         0.19814
AGE_x_COMORBID    0.19353
ACTDTY53_4.0      0.19097
INSCOV23_1.0      0.18744
CANCERDX          0.18532
saved shap_beeswarm_LogisticRegression___pref_rand_before.png, shap_bar_LogisticRegression___pref_rand_before.png

[note] 'pref_rand' is post-processing: the model is unchanged, so SHAP attributions are identical before and after.

========== baseline vs pref_rand ==========
                         metric  baseline  mitigated   delta
                       accuracy    0.7585     0.6837 -0.0747
                   balanced_acc    0.7286     0.6824 -0.0461
                     recall_TPR    0.6603     0.6795  0.0192
                        roc_auc    0.8072     0.8071 -0.0001
            equalised_odds_diff    0.1999     0.0233 -0.1766
         disparate_impact_ratio    0.3989     0.8924  0.4935
        statistical_parity_diff    0.2722     0.0471 -0.2251
individual_fairness_consistency    0.9409     0.9402 -0.0006

Reading the deltas:
 equalised_odds_diff: lower = fairer (primary metric)
 disparate_impact_ratio: closer to 1.0 = fairer
 recall_TPR / accuracy: the cost we pay for fairness
 individual_fairness: watch for drops
# log written 2026-06-21 16:50:00 | seed=2 | cv=5 | threshold_objective=cost (FN:FP=2.0:1)

 ----- GradientBoosting -----
train=14770  test=3693  features=48  train positive rate=0.281
[GradientBoosting] best CV ROC-AUC = 0.8200 | params = {'clf__l2_regularization': 1.0, 'clf__learning_rate': 0.05, 'clf__max_depth': None, 'clf__max_leaf_nodes': 31, 'clf__min_samples_leaf': 20}

chosen threshold = 0.325

-- overall performance --
threshold          0.325000
accuracy           0.756296
balanced_acc       0.735858
precision          0.553751
recall_TPR         0.689124
f1                 0.614065
roc_auc            0.812590
pr_auc             0.640572
brier              0.149388
FN               323.000000
FP               577.000000
TP               716.000000
TN              2077.000000

-- per-group (binary race) --
                     selection_rate     TPR     FPR  accuracy
sensitive_feature_0                                          
Non-White                    0.1922  0.5515  0.1117    0.8266
NH White (priv)              0.4768  0.7453  0.3257    0.6999

-- per-group (RACETHX, descriptive) --
          selection_rate  disparate_impact_vs_NHWhite  stat_parity_diff_vs_NHWhite
racethx                                                                           
NH White          0.4771                       1.0000                       0.0000
NH Black          0.2798                       0.5866                      -0.1972
NH Other          0.2296                       0.4814                      -0.2474
NH Asian          0.1674                       0.3509                      -0.3097
Hispanic          0.1474                       0.3091                      -0.3296

-- fairness summary --
equalised_odds_diff                0.2140
disparate_impact_ratio             0.4031
statistical_parity_diff            0.2846
individual_fairness_consistency    0.9310
equalised_odds_diff: lower = fairer (0 = equal TPR & FPR)
disparate_impact_ratio: 1.0 = parity; < 0.80 fails the 80% rule
statistical_parity_diff: selection-rate gap vs reference group
individual_fairness_: closer to 1 = similar people score similarly
[GradientBoosting] log saved to /Users/jananjahed/Desktop/HML/HCML-preferential-randomisation/Model/results_log/GradientBoosting.log

-- SHAP top-10 features | GradientBoosting | baseline before --
AGE_x_COMORBID    0.43351
EDUCYR            0.22467
SEX_1.0           0.16878
POVLEV23          0.16520
VPCS42            0.13702
WLKLIM31          0.11778
TYPEPE42_2.0      0.11766
MNHLTH53          0.11422
HAVEUS42_1.0      0.11025
REGION23_3.0      0.09011

=== shap race-proxy features (top 10) | GradientBoosting | baseline before ===
correlation between per-feature SHAP value and race
BORNUSA           0.38212
POVLEV23          0.22603
AGE_x_COMORBID    0.22475
EDUCYR            0.21002
INSCOV23_1.0      0.18136
COMORBIDITY       0.17194
ARTHDX            0.17103
CANCERDX          0.16994
REGION23_3.0      0.15078
TYPEPE42_2.0      0.14341
saved shap_beeswarm_GradientBoosting___baseline_before.png, shap_bar_GradientBoosting___baseline_before.png
[] best CV ROC-AUC = 0.8218 | params = {'clf__l2_regularization': 1.0, 'clf__learning_rate': 0.05, 'clf__max_depth': None, 'clf__max_leaf_nodes': 31, 'clf__min_samples_leaf': 20}
group 0: t0=0.015 t1=0.519 p=0.590 obj=0.0130 L_R=4.282
group 1: t0=0.115 t1=0.623 p=0.545 obj=0.0120 L_R=3.533

chosen threshold = 0.305

-- overall performance --
threshold          0.305000
accuracy           0.687517
balanced_acc       0.689763
precision          0.463117
recall_TPR         0.694899
f1                 0.555812
roc_auc            0.812387
pr_auc             0.643817
brier              0.149189
FN               317.000000
FP               837.000000
TP               722.000000
TN              1817.000000

-- per-group (binary race) --
                     selection_rate     TPR     FPR  accuracy
sensitive_feature_0                                          
Non-White                    0.3723  0.6811  0.3031    0.6940
NH White (priv)              0.4622  0.7005  0.3280    0.6823

-- per-group (RACETHX, descriptive) --
          selection_rate  disparate_impact_vs_NHWhite  stat_parity_diff_vs_NHWhite
racethx                                                                           
NH White          0.4624                       1.0000                       0.0000
NH Black          0.4358                       0.9424                      -0.0266
NH Asian          0.4335                       0.9374                      -0.0289
NH Other          0.4222                       0.9131                      -0.0402
Hispanic          0.3139                       0.6789                      -0.1485

-- fairness summary --
equalised_odds_diff                0.0249
disparate_impact_ratio             0.8055
statistical_parity_diff            0.0899
individual_fairness_consistency    0.9263

-- SHAP top-10 features | GradientBoosting | pref_rand before --
AGE_x_COMORBID    0.45285
EDUCYR            0.22097
POVLEV23          0.17842
SEX_1.0           0.17030
TYPEPE42_2.0      0.14025
VPCS42            0.13212
MNHLTH53          0.11201
HAVEUS42_1.0      0.10364
WLKLIM31          0.09993
INSCOV23_3.0      0.09510

=== shap race-proxy features (top 10) | GradientBoosting | pref_rand before ===
correlation between per-feature SHAP value and race
BORNUSA           0.37752
AGE_x_COMORBID    0.22181
POVLEV23          0.21890
EDUCYR            0.20773
COMORBIDITY       0.18924
INSCOV23_1.0      0.18681
HIDEG_1.0         0.18467
ARTHDX            0.17428
CANCERDX          0.15939
TYPEPE42_2.0      0.15028
saved shap_beeswarm_GradientBoosting___pref_rand_before.png, shap_bar_GradientBoosting___pref_rand_before.png

[note] 'pref_rand' is post-processing: the model is unchanged, so SHAP attributions are identical before and after.

========== baseline vs pref_rand ==========
                         metric  baseline  mitigated   delta
                       accuracy    0.7563     0.6875 -0.0688
                   balanced_acc    0.7359     0.6898 -0.0461
                     recall_TPR    0.6891     0.6949  0.0058
                        roc_auc    0.8126     0.8124 -0.0002
            equalised_odds_diff    0.2140     0.0249 -0.1891
         disparate_impact_ratio    0.4031     0.8055  0.4023
        statistical_parity_diff    0.2846     0.0899 -0.1947
individual_fairness_consistency    0.9310     0.9263 -0.0047

Reading the deltas:
 equalised_odds_diff: lower = fairer (primary metric)
 disparate_impact_ratio: closer to 1.0 = fairer
 recall_TPR / accuracy: the cost we pay for fairness
 individual_fairness: watch for drops
