# log written 2026-06-21 16:45:35 | seed=2 | threshold_objective=cost (FN:FP=2.0:1) | mitigation=reweighing
# log written 2026-06-21 16:45:35 | seed=2 | cv=5 | threshold_objective=cost (FN:FP=2.0:1)

 ----- LogisticRegression -----
train=14770  test=3693  features=48  train positive rate=0.281
[LogisticRegression] best CV ROC-AUC = 0.8126 | params = {'clf__C': 0.1, 'clf__class_weight': None}

chosen threshold = 0.330

-- overall performance --
threshold          0.330000
accuracy           0.758462
balanced_acc       0.728580
precision          0.560000
recall_TPR         0.660250
f1                 0.606007
roc_auc            0.807211
pr_auc             0.639714
brier              0.150804
FN               353.000000
FP               539.000000
TP               686.000000
TN              2115.000000

-- per-group (binary race) --
                     selection_rate     TPR     FPR  accuracy
sensitive_feature_0                                          
Non-White                    0.1807  0.5183  0.1050    0.8260
NH White (priv)              0.4529  0.7182  0.3036    0.7042

-- per-group (RACETHX, descriptive) --
          selection_rate  disparate_impact_vs_NHWhite  stat_parity_diff_vs_NHWhite
racethx                                                                           
NH White          0.4531                       1.0000                       0.0000
NH Black          0.2867                       0.6327                      -0.1664
NH Other          0.2074                       0.4577                      -0.2457
NH Asian          0.1545                       0.3410                      -0.2986
Hispanic          0.1284                       0.2834                      -0.3247

-- fairness summary --
equalised_odds_diff                0.1999
disparate_impact_ratio             0.3989
statistical_parity_diff            0.2722
individual_fairness_consistency    0.9409
equalised_odds_diff: lower = fairer (0 = equal TPR & FPR)
disparate_impact_ratio: 1.0 = parity; < 0.80 fails the 80% rule
statistical_parity_diff: selection-rate gap vs reference group
individual_fairness_: closer to 1 = similar people score similarly
[LogisticRegression] log saved to /Users/jananjahed/Desktop/HML/HCML-preferential-randomisation/Model/results_log/LogisticRegression.log

-- SHAP top-10 features | LogisticRegression | baseline before --
COMORBIDITY     0.27094
SEX_1.0         0.18213
TYPEPE42_2.0    0.17336
REGION23_3.0    0.16917
HAVEUS42_2.0    0.12006
JTPAIN31_M18    0.11992
RTHLTH53        0.11913
EDUCYR          0.11675
ARTHDX          0.11591
MNHLTH53        0.11313

=== shap race-proxy features (top 10) | LogisticRegression | baseline before ===
correlation between per-feature SHAP value and race
BORNUSA           0.38476
AGE23X            0.21819
POVLEV23          0.21412
POVCAT23_5.0      0.20818
EDUCYR            0.20346
HIDEG_1.0         0.19814
AGE_x_COMORBID    0.19353
ACTDTY53_4.0      0.19097
INSCOV23_1.0      0.18744
CANCERDX          0.18532
saved shap_beeswarm_LogisticRegression___baseline_before.png, shap_bar_LogisticRegression___baseline_before.png

 ----- LogisticRegression (reweighing) -----
train=14770  test=3693  features=48  train positive rate=0.281
[] best CV ROC-AUC = 0.8126 | params = {'clf__C': 0.1, 'clf__class_weight': None}

-- reweighing weights (per group x label cell) --
          group     label    n  weight
NH White (priv) high util 3011  0.7540
NH White (priv)  low util 5055  1.1466
      Non-White high util 1146  1.6465
      Non-White  low util 5558  0.8667

-- SHAP top-10 features | LogisticRegression | reweighing before --
COMORBIDITY     0.24820
SEX_1.0         0.16627
RTHLTH53        0.13733
TYPEPE42_2.0    0.12682
JTPAIN31_M18    0.12265
REGION23_3.0    0.11942
EDUCYR          0.11735
ARTHDX          0.11342
HAVEUS42_2.0    0.11308
MNHLTH53        0.10657

=== shap race-proxy features (top 10) | LogisticRegression | reweighing before ===
correlation between per-feature SHAP value and race
BORNUSA           0.38476
AGE23X            0.21819
POVLEV23          0.21412
POVCAT23_5.0      0.20818
EDUCYR            0.20346
HIDEG_1.0         0.19814
AGE_x_COMORBID    0.19353
ACTDTY53_4.0      0.19097
INSCOV23_1.0      0.18744
CANCERDX          0.18532
saved shap_beeswarm_LogisticRegression___reweighing_before.png, shap_bar_LogisticRegression___reweighing_before.png

-- SHAP top-10 features | LogisticRegression | reweighing after --
COMORBIDITY     0.24820
SEX_1.0         0.16627
RTHLTH53        0.13733
TYPEPE42_2.0    0.12682
JTPAIN31_M18    0.12265
REGION23_3.0    0.11942
EDUCYR          0.11735
ARTHDX          0.11342
HAVEUS42_2.0    0.11308
MNHLTH53        0.10657

=== shap race-proxy features (top 10) | LogisticRegression | reweighing after ===
correlation between per-feature SHAP value and race
BORNUSA           0.38476
AGE23X            0.21819
POVLEV23          0.21412
POVCAT23_5.0      0.20818
EDUCYR            0.20346
HIDEG_1.0         0.19814
AGE_x_COMORBID    0.19353
ACTDTY53_4.0      0.19097
INSCOV23_1.0      0.18744
CANCERDX          0.18532
saved shap_beeswarm_LogisticRegression___reweighing_after.png, shap_bar_LogisticRegression___reweighing_after.png

==== SHAP importance shift (top 10) before vs after reweighing | LogisticRegression ====
AGE23X           0.0
TYPEPE42_13.0    0.0
TYPEPE42_24.0    0.0
TYPEPE42_23.0    0.0
TYPEPE42_22.0    0.0
TYPEPE42_21.0    0.0
TYPEPE42_20.0    0.0
TYPEPE42_19.0    0.0
TYPEPE42_17.0    0.0
TYPEPE42_16.0    0.0
saved shap_before_after_LogisticRegression_reweighing.png

chosen threshold = 0.330

-- overall performance --
threshold          0.330000
accuracy           0.761982
balanced_acc       0.726051
precision          0.567912
recall_TPR         0.643888
f1                 0.603518
roc_auc            0.803748
pr_auc             0.633770
brier              0.152092
FN               370.000000
FP               509.000000
TP               669.000000
TN              2145.000000

-- per-group (binary race) --
                     selection_rate     TPR     FPR  accuracy
sensitive_feature_0                                          
Non-White                    0.2135  0.5847  0.1303    0.8175
NH White (priv)              0.4036  0.6680  0.2548    0.7174

-- per-group (RACETHX, descriptive) --
          selection_rate  disparate_impact_vs_NHWhite  stat_parity_diff_vs_NHWhite
racethx                                                                           
NH White          0.4038                       1.0000                       0.0000
NH Black          0.3005                       0.7441                      -0.1033
NH Asian          0.2532                       0.6271                      -0.1506
NH Other          0.1852                       0.4586                      -0.2186
Hispanic          0.1617                       0.4005                      -0.2421

-- fairness summary --
equalised_odds_diff                0.1245
disparate_impact_ratio             0.5290
statistical_parity_diff            0.1901
individual_fairness_consistency    0.9428

========== baseline vs reweighing ==========
                         metric  baseline  mitigated   delta
                       accuracy    0.7585     0.7620  0.0035
                   balanced_acc    0.7286     0.7261 -0.0025
                     recall_TPR    0.6603     0.6439 -0.0164
                        roc_auc    0.8072     0.8037 -0.0035
            equalised_odds_diff    0.1999     0.1245 -0.0754
         disparate_impact_ratio    0.3989     0.5290  0.1301
        statistical_parity_diff    0.2722     0.1901 -0.0821
individual_fairness_consistency    0.9409     0.9428  0.0019

Reading the deltas:
 equalised_odds_diff: lower = fairer (primary metric)
 disparate_impact_ratio: closer to 1.0 = fairer
 recall_TPR / accuracy: the cost we pay for fairness
 individual_fairness: watch for drops
# log written 2026-06-21 16:45:46 | seed=2 | cv=5 | threshold_objective=cost (FN:FP=2.0:1)

 ----- GradientBoosting -----
train=14770  test=3693  features=48  train positive rate=0.281
[GradientBoosting] best CV ROC-AUC = 0.8200 | params = {'clf__l2_regularization': 1.0, 'clf__learning_rate': 0.05, 'clf__max_depth': None, 'clf__max_leaf_nodes': 31, 'clf__min_samples_leaf': 20}

chosen threshold = 0.325

-- overall performance --
threshold          0.325000
accuracy           0.756296
balanced_acc       0.735858
precision          0.553751
recall_TPR         0.689124
f1                 0.614065
roc_auc            0.812590
pr_auc             0.640572
brier              0.149388
FN               323.000000
FP               577.000000
TP               716.000000
TN              2077.000000

-- per-group (binary race) --
                     selection_rate     TPR     FPR  accuracy
sensitive_feature_0                                          
Non-White                    0.1922  0.5515  0.1117    0.8266
NH White (priv)              0.4768  0.7453  0.3257    0.6999

-- per-group (RACETHX, descriptive) --
          selection_rate  disparate_impact_vs_NHWhite  stat_parity_diff_vs_NHWhite
racethx                                                                           
NH White          0.4771                       1.0000                       0.0000
NH Black          0.2798                       0.5866                      -0.1972
NH Other          0.2296                       0.4814                      -0.2474
NH Asian          0.1674                       0.3509                      -0.3097
Hispanic          0.1474                       0.3091                      -0.3296

-- fairness summary --
equalised_odds_diff                0.2140
disparate_impact_ratio             0.4031
statistical_parity_diff            0.2846
individual_fairness_consistency    0.9310
equalised_odds_diff: lower = fairer (0 = equal TPR & FPR)
disparate_impact_ratio: 1.0 = parity; < 0.80 fails the 80% rule
statistical_parity_diff: selection-rate gap vs reference group
individual_fairness_: closer to 1 = similar people score similarly
[GradientBoosting] log saved to /Users/jananjahed/Desktop/HML/HCML-preferential-randomisation/Model/results_log/GradientBoosting.log

-- SHAP top-10 features | GradientBoosting | baseline before --
AGE_x_COMORBID    0.43351
EDUCYR            0.22467
SEX_1.0           0.16878
POVLEV23          0.16520
VPCS42            0.13702
WLKLIM31          0.11778
TYPEPE42_2.0      0.11766
MNHLTH53          0.11422
HAVEUS42_1.0      0.11025
REGION23_3.0      0.09011

=== shap race-proxy features (top 10) | GradientBoosting | baseline before ===
correlation between per-feature SHAP value and race
BORNUSA           0.38212
POVLEV23          0.22603
AGE_x_COMORBID    0.22475
EDUCYR            0.21002
INSCOV23_1.0      0.18136
COMORBIDITY       0.17194
ARTHDX            0.17103
CANCERDX          0.16994
REGION23_3.0      0.15078
TYPEPE42_2.0      0.14341
saved shap_beeswarm_GradientBoosting___baseline_before.png, shap_bar_GradientBoosting___baseline_before.png

 ----- GradientBoosting (reweighing) -----
train=14770  test=3693  features=48  train positive rate=0.281
[] best CV ROC-AUC = 0.8200 | params = {'clf__l2_regularization': 1.0, 'clf__learning_rate': 0.05, 'clf__max_depth': None, 'clf__max_leaf_nodes': 31, 'clf__min_samples_leaf': 20}

-- reweighing weights (per group x label cell) --
          group     label    n  weight
NH White (priv) high util 3011  0.7540
NH White (priv)  low util 5055  1.1466
      Non-White high util 1146  1.6465
      Non-White  low util 5558  0.8667

-- SHAP top-10 features | GradientBoosting | reweighing before --
AGE_x_COMORBID    0.38437
EDUCYR            0.19478
SEX_1.0           0.18745
POVLEV23          0.13608
VPCS42            0.13198
WLKLIM31          0.13058
COMORBIDITY       0.12566
HAVEUS42_1.0      0.12259
MNHLTH53          0.10920
INSCOV23_3.0      0.10397

=== shap race-proxy features (top 10) | GradientBoosting | reweighing before ===
correlation between per-feature SHAP value and race
POVLEV23          0.21089
AGE_x_COMORBID    0.21009
EDUCYR            0.19384
BORNUSA           0.18966
COMORBIDITY       0.18420
ARTHDX            0.17309
CANCERDX          0.16529
TYPEPE42_2.0      0.14152
HIDEG_1.0         0.13408
REGION23_3.0      0.13157
saved shap_beeswarm_GradientBoosting___reweighing_before.png, shap_bar_GradientBoosting___reweighing_before.png

-- SHAP top-10 features | GradientBoosting | reweighing after --
AGE_x_COMORBID    0.38437
EDUCYR            0.19478
SEX_1.0           0.18745
POVLEV23          0.13608
VPCS42            0.13198
WLKLIM31          0.13058
COMORBIDITY       0.12566
HAVEUS42_1.0      0.12259
MNHLTH53          0.10920
INSCOV23_3.0      0.10397

=== shap race-proxy features (top 10) | GradientBoosting | reweighing after ===
correlation between per-feature SHAP value and race
POVLEV23          0.21089
AGE_x_COMORBID    0.21009
EDUCYR            0.19384
BORNUSA           0.18966
COMORBIDITY       0.18420
ARTHDX            0.17309
CANCERDX          0.16529
TYPEPE42_2.0      0.14152
HIDEG_1.0         0.13408
REGION23_3.0      0.13157
saved shap_beeswarm_GradientBoosting___reweighing_after.png, shap_bar_GradientBoosting___reweighing_after.png

==== SHAP importance shift (top 10) before vs after reweighing | GradientBoosting ====
AGE23X           0.0
TYPEPE42_13.0    0.0
TYPEPE42_24.0    0.0
TYPEPE42_23.0    0.0
TYPEPE42_22.0    0.0
TYPEPE42_21.0    0.0
TYPEPE42_20.0    0.0
TYPEPE42_19.0    0.0
TYPEPE42_17.0    0.0
TYPEPE42_16.0    0.0
saved shap_before_after_GradientBoosting_reweighing.png

chosen threshold = 0.325

-- overall performance --
threshold          0.325000
accuracy           0.754942
balanced_acc       0.728767
precision          0.553344
recall_TPR         0.668912
f1                 0.605664
roc_auc            0.808939
pr_auc             0.636690
brier              0.150693
FN               344.000000
FP               561.000000
TP               695.000000
TN              2093.000000

-- per-group (binary race) --
                     selection_rate     TPR     FPR  accuracy
sensitive_feature_0                                          
Non-White                    0.2238  0.5947  0.1407    0.8108
NH White (priv)              0.4334  0.6992  0.2838    0.7101

-- per-group (RACETHX, descriptive) --
          selection_rate  disparate_impact_vs_NHWhite  stat_parity_diff_vs_NHWhite
racethx                                                                           
NH White          0.4336                       1.0000                       0.0000
NH Black          0.3234                       0.7458                      -0.1102
NH Asian          0.2361                       0.5444                      -0.1975
NH Other          0.2296                       0.5296                      -0.2040
Hispanic          0.1677                       0.3867                      -0.2659

-- fairness summary --
equalised_odds_diff                0.1430
disparate_impact_ratio             0.5165
statistical_parity_diff            0.2095
individual_fairness_consistency    0.9315

========== baseline vs reweighing ==========
                         metric  baseline  mitigated   delta
                       accuracy    0.7563     0.7549 -0.0014
                   balanced_acc    0.7359     0.7288 -0.0071
                     recall_TPR    0.6891     0.6689 -0.0202
                        roc_auc    0.8126     0.8089 -0.0037
            equalised_odds_diff    0.2140     0.1430 -0.0710
         disparate_impact_ratio    0.4031     0.5165  0.1134
        statistical_parity_diff    0.2846     0.2095 -0.0751
individual_fairness_consistency    0.9310     0.9315  0.0005

Reading the deltas:
 equalised_odds_diff: lower = fairer (primary metric)
 disparate_impact_ratio: closer to 1.0 = fairer
 recall_TPR / accuracy: the cost we pay for fairness
 individual_fairness: watch for drops
